// Jest Snapshot v1, https://goo.gl/fbAQLP

exports[`CardDetails has a snapshot 1`] = `
<Spring
  config={
    Object {
      "friction": 26,
      "tension": 170,
    }
  }
  force={false}
  from={
    Object {
      "maxHeight": "0",
      "opacity": 0,
    }
  }
  immediate={false}
  inject={[Function]}
  native={false}
  reset={false}
  to={
    Object {
      "maxHeight": "auto",
      "opacity": 1,
    }
  }
>
  <Component />
</Spring>
`;
